// Jest Snapshot v1, https://goo.gl/fbAQLP

exports[`Rockets should render correctly should render correctly 1`] = `
<div>
  <h2>
    Loading...
  </h2>
</div>
`;
